----------------------------------------------------------
LOLLIPOP BAKERY - AUTOMATED SECURITY & SANITY AUDIT SUITE
----------------------------------------------------------

👉 Test Group 1: Pricing Engine Integrity & Injection Attacks
[PASS] 1.1 Recalculates subtotal correctly from server catalog
[PASS] 1.2 Calculates GST (5%) taxes accurately above subtotal
[PASS] 1.3 Rejects negative quantity attacks
[PASS] 1.4 Rejects zero quantity attacks
[PASS] 1.5 Rejects excessive quantity attacks (>50)
[PASS] 1.6 Rejects unknown product IDs
[PASS] 1.7 Rejects empty cart submission

👉 Test Group 2: Razorpay HMAC-SHA256 Signature Security
[PASS] 2.1 Accepts valid HMAC-SHA256 signature
[PASS] 2.2 Blocks tampered payment ID signature forgery
[PASS] 2.3 Blocks forged/arbitrary signature string
[PASS] 2.4 Safely rejects invalid-length signature without throwing exceptions

👉 Test Group 3: Order Storage & Idempotency Controls
prisma:error 
Invalid `prisma.user.findUnique()` invocation in
E:\FreeLancing\REAL-CLIENTS\Lollipop\lollipop-nextjs\lib\orders.ts:28:38

  25 // 2. Persist to MySQL Database asynchronously
  26 try {
  27   let userId: bigint | undefined = undefined;
→ 28   const user = await prisma.user.findUnique(
Can't reach database server at `ep-curly-pond-b5rmvkw8-pooler.c-7.us-east-2.aws.neon.tech:5432`

Please make sure your database server is running at `ep-curly-pond-b5rmvkw8-pooler.c-7.us-east-2.aws.neon.tech:5432`.
[OrderStore] Database persistence notice: 
Invalid `prisma.user.findUnique()` invocation in
E:\FreeLancing\REAL-CLIENTS\Lollipop\lollipop-nextjs\lib\orders.ts:28:38

  25 // 2. Persist to MySQL Database asynchronously
  26 try {
  27   let userId: bigint | undefined = undefined;
→ 28   const user = await prisma.user.findUnique(
Can't reach database server at `ep-curly-pond-b5rmvkw8-pooler.c-7.us-east-2.aws.neon.tech:5432`

Please make sure your database server is running at `ep-curly-pond-b5rmvkw8-pooler.c-7.us-east-2.aws.neon.tech:5432`.
[PASS] 3.1 Stores and retrieves order by ID
[PASS] 3.2 Indexes and retrieves order by Razorpay Order ID
[PASS] 3.3 Registers and enforces idempotency key matching
[PASS] 3.4 Updates order payment and order status correctly

👉 Test Group 4: Product Catalog & Search Consistency
[FAIL] 4.1 Full product catalog present and loaded
[PASS] 4.2 Resolves individual product by ID
[FAIL] 4.3 Category filter for bento cakes returns items

==========================================================
📊 TEST SUITE SUMMARY: 16 PASSED | 2 FAILED
==========================================================
